mock:1:8: Expecting a variable

{capture}
        ^

failed in:
ezcTemplateProgramSourceToTstParser
 -> ezcTemplateBlockSourceToTstParser
  -> ezcTemplateControlStructureSourceToTstParser
   -> ezcTemplateCaptureSourceToTstParser
