mock:1:16: Expecting an opening parentheses: '('

{var $a = array)}
               ^
