mock:5:8: The variable <$b> is cannot be declared in a subblock: while, foreach, if, etc

{var $b}
       ^
