mock:3:26: Expecting an operand without a pre- or post operator.

0044:{if ( $foo +  $bar++ )}this should never appear{/i
                         ^
