<?php
$feed = new ezcFeed( 'rss2' );

$feed->title = 'Feed title';

$link = $feed->add( 'link' );
$link->href = 'Feed link';

$feed->description = 'Feed description';
$skipDays = $feed->add( 'skipDays' );
$skipDays->days = array( 'Monday' );

return $feed;
?>
