0225:[5]
0226:[-42]
0227:[-5]
0228:[42]
0229:[0]
0230:[0]
0231:[0,00]
0232:[0,00]
0233:[0]
0234:[0]
0235:[false]
0236:[false]
0237:[false]
0238:[false]
0239:[true]
0240:[true]
0241:[true]
0242:[true]
0243:[true]
0244:[true]
0245:[true]
0246:[true]
0247:[false]
0248:[false]
0249:[false]
0250:[false]
0251:[false]
0252:[false]
0253:[true]
0254:[true]
0255:['5']
0256:['-42']
