0897:[5]
0898:[-42]
0899:[-5]
0900:[42]
0901:[0]
0902:[0]
0903:[0,00]
0904:[0,00]
0905:[0]
0906:[0]
0907:[false]
0908:[false]
0909:[false]
0910:[false]
0911:[true]
0912:[true]
0913:[true]
0914:[true]
0915:[true]
0916:[true]
0917:[true]
0918:[true]
0919:[false]
0920:[false]
0921:[false]
0922:[false]
0923:[false]
0924:[false]
0925:[true]
0926:[true]
0927:['5']
0928:['-42']
