0101:[1]
0102:[1]
0103:[1]
0104:[1]
0105:[1]
0106:[]
0107:[]
0108:[]
0109:[]
0110:[]
0111:[]
0112:[]
0113:[]
0114:[]
0115:[]
0116:[]
0117:[]
0118:[]
0119:[]
0120:[]
0121:[1]
0122:[1]
0123:[1]
0124:[1]
0125:[1]
0126:[]
0127:[]
0128:[]
0129:[]
0130:[]
0131:[1]
0132:[1]
0133:[1]
0134:[1]
0135:[1]
0136:[1]
0137:[1]
0138:[1]
0139:[1]
0140:[1]
0141:[1]
0142:[1]
0143:[1]
0144:[1]
0145:[1]
0146:[55]
0147:[55]
0148:[55]
0149:[55]
0150:[55]
