mock:2:6: Expecting a closing curly bracket: '}'

{++$a++}
     ^
