At least one of these elements is required: /rss/item/title, /rss/item/description.
