<?php
$feed = new ezcFeed( 'rss2' );

$feed->title = 'Feed title';

$link = $feed->add( 'link' );
$link->href = 'Feed link';

$feed->description = 'Feed description';
$webMaster = $feed->add( 'webMaster' );
$webMaster->name = 'Feed webMaster';

return $feed;
?>
