There is no data for required element '/rdf:RDF/textinput/link'.
