The element '/feed/link@rel="alternate"' cannot appear more than once.
