<?xml version="1.0" encoding="utf-8"?>
<feed xmlns="http://www.w3.org/2005/Atom">
  <id>Feed id</id>
  <title>Feed title</title>
  <updated>XXX</updated>
  <author>
    <name>Author name</name>
  </author>
  <generator>eZ Components</generator>
  <entry>
    <id>Entry id</id>
    <title>Entry title</title>
    <updated>XXX</updated>
    <content type="xhtml" xmlns:xhtml="http://www.w3.org/1999/xhtml">
      <xhtml:div>Entry content</xhtml:div>
    </content>
  </entry>
</feed> 
