<?php
$feed = new ezcFeed( 'atom' );

$feed->id = 'Feed id';
$feed->title = 'Feed title';
$feed->title->type = 'text';
$feed->updated = 'Feed updated';

$feed->copyright = 'Feed rights';
$feed->copyright->type = 'xhtml';

return $feed;
?>
