<?xml version="1.0" encoding="utf-8"?>
<rss version="2.0" xmlns:creativeCommons="http://backend.userland.com/creativeCommonsRssModule">
  <channel>
    <title>Feed title</title>
    <link>Feed link</link>
    <description>Feed description</description>
    <pubDate>XXX</pubDate>
    <generator>eZ Components</generator>
    <docs>http://www.rssboard.org/rss-specification</docs>
    <item>
      <title>Item title</title>
      <link>Item link</link>
      <description>Item description</description>
      <creativeCommons:license>CreativeCommons license item</creativeCommons:license>
    </item>
  </channel>
</rss>
