<?php
$feed = new ezcFeed( 'rss2' );
return $feed;
?>
