mock:1:14: Expected two operands that are not an array.

{array(1) + 2}
             ^
