mock:5:30: Expecting an expression.

{nesting_req_startexpression }
                             ^
