mock:2:6: Unknown custom block parameter 'Hello'.

{cblock
Hello
     ^
