mock:2:2: Unknown block '_foreach_'.

{_foreach_}
 ^
