mock:2:2: Unknown block 'aforeach_'.

{aforeach_}
 ^
