mock:2:2: Unknown block 'areturn_'.

{areturn_}
 ^
