mock:2:2: Unknown block 'adefault'.

{adefault}
 ^
