mock:2:2: Unknown block '_literal'.

{_literal}
 ^
