mock:2:2: Unknown block '_returna'.

{_returna}
 ^
