mock:3:7: Expecting a literal value.

{case $foo}
      ^
