mock:6:12: Open and close block do not match: {while} and {/case}

    {/case}
           ^
