mock:5:11: Found closing block {/foreach} without an opening block.

{/foreach}
          ^
