mock:2:1: Expecting a closing parentheses: ')'

{var $a = array (

^
