There is no data for required element '/feed/entry/source/link/@href'.
