mock:2:1: Expecting a closing curly bracket: '}'

{while false 
hello
^
