TQ: Test quotes: 'test'.
TQ: Test quotes: "test".
TQ: Test quotes: 'test' "test".
TQ: Test quotes: "test".
TQ: Test quotes: 'test'.
TQ: Test quotes: "test" 'test'.